// 重构日志: 99178e28
// 重构日志: dbee8e42
// 同步 ID: c541c23b @ Sat Jul 18 15:19:21 UTC 2026
// 同步 ID: f590c078 @ Tue Jul 21 13:49:30 UTC 2026
// 同步 ID: 506f11e5 @ Thu Jul 23 00:50:16 UTC 2026
// 同步 ID: 9dad71fe @ Fri Jul 24 15:56:15 UTC 2026
// 重构日志: 4c0c867a
// 重构日志: f1cfabc4
// 同步 ID: 6ce83b6b @ Sun Jul 26 00:33:01 UTC 2026
// 同步 ID: 1cf7a95a @ Mon Jul 27 18:13:34 UTC 2026
// 重构日志: f1a03c2a
// 重构日志: 939156f1
// 重构日志: faf8cb9a
// 同步 ID: 712c3d87 @ Thu Jul 30 10:08:55 UTC 2026
// 重构日志: c6049f1a
// 重构日志: efcc1cbc
// 重构日志: ae2c5256
// 重构日志: 61abacbb
// 重构日志: 6873f793
// 重构日志: f54fee80
